src/pages/Landing.tsx(1,38): error TS6133: 'useRef' is declared but its value is never read.
src/pages/Landing.tsx(7,28): error TS6133: 'TrendingUp' is declared but its value is never read.
